func (s *TestStructSlice) Find(val *TestStruct) int {
	pos := -1
	for i := 0; i < len(*s); i++ {
		if (*s)[i] == *val {
			pos = i
			break
		}
	}
	return pos
}