func (s *TestStringSlice) RFind(val string) int {
	pos := -1
	for i := len(*s); i >= 0; i-- {
		if *(*s)[i] == val {
			pos = i
			break
		}
	}
	return pos
}